Flow report for kirsch
Sat Mar 26 22:53:09 2016
Quartus II Version 10.1 Build 153 11/29/2010 SJ Full Version


---------------------
; Table of Contents ;
---------------------
  1. Legal Notice
  2. Flow Summary
  3. Flow Settings
  4. Flow Non-Default Global Settings
  5. Flow Elapsed Time
  6. Flow OS Summary
  7. Flow Log



----------------
; Legal Notice ;
----------------
Copyright (C) 1991-2010 Altera Corporation
Your use of Altera Corporation's design tools, logic functions 
and other software and tools, and its AMPP partner logic 
functions, and any output files from any of the foregoing 
(including device programming or simulation files), and any 
associated documentation or information are expressly subject 
to the terms and conditions of the Altera Program License 
Subscription Agreement, Altera MegaCore Function License 
Agreement, or other applicable license agreement, including, 
without limitation, that your use is for the sole purpose of 
programming logic devices manufactured by Altera and sold by 
Altera or its authorized distributors.  Please refer to the 
applicable agreement for further details.



+--------------------------------------------------------------------------------+
; Flow Summary                                                                   ;
+------------------------------------+-------------------------------------------+
; Flow Status                        ; Successful - Sat Mar 26 22:53:09 2016     ;
; Quartus II Version                 ; 10.1 Build 153 11/29/2010 SJ Full Version ;
; Revision Name                      ; kirsch                                    ;
; Top-level Entity Name              ; kirsch                                    ;
; Family                             ; Cyclone II                                ;
; Total logic elements               ; 312 / 33,216 ( < 1 % )                    ;
;     Total combinational functions  ; 279 / 33,216 ( < 1 % )                    ;
;     Dedicated logic registers      ; 189 / 33,216 ( < 1 % )                    ;
; Total registers                    ; 189                                       ;
; Total pins                         ; 95 / 475 ( 20 % )                         ;
; Total virtual pins                 ; 0                                         ;
; Total memory bits                  ; 6,144 / 483,840 ( 1 % )                   ;
; Embedded Multiplier 9-bit elements ; 0 / 70 ( 0 % )                            ;
; Total PLLs                         ; 0 / 4 ( 0 % )                             ;
; Device                             ; EP2C35F672C7                              ;
; Timing Models                      ; Final                                     ;
+------------------------------------+-------------------------------------------+


+-----------------------------------------+
; Flow Settings                           ;
+-------------------+---------------------+
; Option            ; Setting             ;
+-------------------+---------------------+
; Start date & time ; 03/26/2016 22:52:56 ;
; Main task         ; Compilation         ;
; Revision Name     ; kirsch              ;
+-------------------+---------------------+


+---------------------------------------------------------------------------------------------------------------------+
; Flow Non-Default Global Settings                                                                                    ;
+------------------------------------+---------------------------------+---------------+-------------+----------------+
; Assignment Name                    ; Value                           ; Default Value ; Entity Name ; Section Id     ;
+------------------------------------+---------------------------------+---------------+-------------+----------------+
; AUTO_SHIFT_REGISTER_RECOGNITION    ; Off                             ; Auto          ; --          ; --             ;
; COMPILER_SIGNATURE_ID              ; 220314655609143.145904717609450 ; --            ; --          ; --             ;
; EDA_MAP_ILLEGAL_CHARACTERS         ; On                              ; --            ; --          ; eda_simulation ;
; POWER_DEFAULT_INPUT_IO_TOGGLE_RATE ; 0 %                             ; 12.5%         ; --          ; --             ;
; POWER_DEFAULT_TOGGLE_RATE          ; 0 %                             ; 12.5%         ; --          ; --             ;
; POWER_OUTPUT_SAF_NAME              ; kirsch.saf.rpt                  ; --            ; --          ; --             ;
+------------------------------------+---------------------------------+---------------+-------------+----------------+


+--------------------------------------------------------------------------------------------------------------------------+
; Flow Elapsed Time                                                                                                        ;
+----------------------+--------------+-------------------------+---------------------+------------------------------------+
; Module Name          ; Elapsed Time ; Average Processors Used ; Peak Virtual Memory ; Total CPU Time (on all processors) ;
+----------------------+--------------+-------------------------+---------------------+------------------------------------+
; Analysis & Synthesis ; 00:00:01     ; 1.0                     ; --                  ; 00:00:01                           ;
; Fitter               ; 00:00:05     ; 2.7                     ; --                  ; 00:00:06                           ;
; Assembler            ; 00:00:02     ; 1.0                     ; --                  ; 00:00:02                           ;
; EDA Netlist Writer   ; 00:00:00     ; 1.0                     ; --                  ; 00:00:00                           ;
; EDA Netlist Writer   ; 00:00:01     ; 1.0                     ; --                  ; 00:00:00                           ;
; Total                ; 00:00:09     ; --                      ; --                  ; 00:00:09                           ;
+----------------------+--------------+-------------------------+---------------------+------------------------------------+


+----------------------------------------------------------------------------------------------+
; Flow OS Summary                                                                              ;
+----------------------+------------------------+----------------+------------+----------------+
; Module Name          ; Machine Hostname       ; OS Name        ; OS Version ; Processor type ;
+----------------------+------------------------+----------------+------------+----------------+
; Analysis & Synthesis ; ecelinux5.uwaterloo.ca ; CentOS release ; 5          ; x86_64         ;
; Fitter               ; ecelinux5.uwaterloo.ca ; CentOS release ; 5          ; x86_64         ;
; Assembler            ; ecelinux5.uwaterloo.ca ; CentOS release ; 5          ; x86_64         ;
; EDA Netlist Writer   ; ecelinux5.uwaterloo.ca ; CentOS release ; 5          ; x86_64         ;
; EDA Netlist Writer   ; ecelinux5.uwaterloo.ca ; CentOS release ; 5          ; x86_64         ;
+----------------------+------------------------+----------------+------------+----------------+


------------
; Flow Log ;
------------
quartus_map kirsch --source=kirsch_logic.v --family=CycloneII
quartus_fit kirsch --effort=fast --part=EP2C35F672C7
quartus_asm kirsch
quartus_eda kirsch --simulation=on --tool=modelsim --format=vhdl
quartus_eda kirsch --simulation=on --tool=modelsim --format=verilog



